// Jest Snapshot v1, https://goo.gl/fbAQLP

exports[`<UserList /> component should render component 1`] = `
<div>
  <div>
    Users
  </div>
</div>
`;
