// Jest Snapshot v1, https://goo.gl/fbAQLP

exports[`<Albums /> component should render component 1`] = `
<div>
  <div>
    Albums
  </div>
</div>
`;
