// Jest Snapshot v1, https://goo.gl/fbAQLP

exports[`<ButtonApp /> component should render component 1`] = `
<div>
  <button
    class="btn btn-danger btn-sm"
  >
    <span>
      Continuar
    </span>
  </button>
</div>
`;
